exports[`Select.combobox renders correctly 1`] = `
<div
  class="rc-select rc-select-combobox rc-select-enabled">
  <div
    aria-autocomplete="list"
    aria-expanded="false"
    aria-haspopup="true"
    class="rc-select-selection
              rc-select-selection--single"
    role="combobox">
    <div
      class="rc-select-selection__rendered">
      <div
        class="rc-select-selection__placeholder"
        style="display:block;user-select:none;-webkit-user-select:none;"
        unselectable="unselectable">
        Search
      </div>
      <ul>
        <li
          class="rc-select-search rc-select-search--inline">
          <div
            class="rc-select-search__field__wrap">
            <input
              class="rc-select-search__field"
              value="" />
            <span
              class="rc-select-search__field__mirror">
              Â 
            </span>
          </div>
        </li>
      </ul>
    </div>
    <span
      class="rc-select-arrow"
      style="user-select:none;-webkit-user-select:none;"
      unselectable="unselectable">
      <b />
    </span>
  </div>
</div>
`;
